On branch main
Your branch is up to date with 'origin/main'.

Untracked files:
  (use "git add <file>..." to include in what will be committed)
	.DS_Store
	backup_snapshots.sh
	smoke_test_app.py
	snapshot_collector.py
	snapshots/backup.log

nothing added to commit but untracked files present (use "git add" to track)
Everything up-to-date
20260922_1547 backup done
[main 92220b6] snapshots backup 20260923_0305
 5 files changed, 5131 insertions(+)
 create mode 100644 snapshots/backup.log
fatal: could not read Username for 'https://github.com': Device not configured
20260923_0305 backup done
[main dbd486e] snapshots backup 20260924_0305
 5 files changed, 19079 insertions(+), 1276 deletions(-)
fatal: could not read Username for 'https://github.com': Device not configured
20260924_0305 backup done
[main f8e6e21] snapshots backup 20260925_0305
 5 files changed, 61016 insertions(+)
fatal: could not read Username for 'https://github.com': Device not configured
20260925_0305 backup done
[main aacf288] snapshots backup 20260926_0305
 5 files changed, 84480 insertions(+)
fatal: could not read Username for 'https://github.com': Device not configured
20260926_0305 backup done
[main 64ee2ae] snapshots backup 20260927_0305
 5 files changed, 83922 insertions(+)
To github-edtransfer:sunkyongmin/ed-transfer.git
   aacf288..64ee2ae  main -> main
20260927_0305 backup done
[main 037d16e] snapshots backup 20260928_0305
 5 files changed, 83306 insertions(+)
To github-edtransfer:sunkyongmin/ed-transfer.git
   64ee2ae..037d16e  main -> main
20260928_0305 backup done
[main 077278d] snapshots backup 20260929_0305
 5 files changed, 78389 insertions(+)
remote: warning: See https://gh.io/lfs for more information.        
remote: warning: File snapshots/messages_202609.csv is 59.99 MB; this is larger than GitHub's recommended maximum file size of 50.00 MB        
remote: warning: GH001: Large files detected. You may want to try Git Large File Storage - https://git-lfs.github.com.        
To github-edtransfer:sunkyongmin/ed-transfer.git
   6feac3a..077278d  main -> main
20260929_0305 backup done
[main 3c7ba81] snapshots backup 20260930_0305
 5 files changed, 79340 insertions(+)
remote: warning: See https://gh.io/lfs for more information.        
remote: warning: File snapshots/messages_202609.csv is 70.96 MB; this is larger than GitHub's recommended maximum file size of 50.00 MB        
remote: warning: File snapshots/severe_202609.csv is 52.75 MB; this is larger than GitHub's recommended maximum file size of 50.00 MB        
remote: warning: GH001: Large files detected. You may want to try Git Large File Storage - https://git-lfs.github.com.        
To github-edtransfer:sunkyongmin/ed-transfer.git
   b4e8769..3c7ba81  main -> main
20260930_0305 backup done
[main de1a8aa] snapshots backup 20261001_0305
 8 files changed, 79357 insertions(+)
 create mode 100644 snapshots/beds_202610.csv
 create mode 100644 snapshots/messages_202610.csv
 create mode 100644 snapshots/severe_202610.csv
remote: warning: See https://gh.io/lfs for more information.        
remote: warning: File snapshots/messages_202609.csv is 80.35 MB; this is larger than GitHub's recommended maximum file size of 50.00 MB        
remote: warning: File snapshots/severe_202609.csv is 60.19 MB; this is larger than GitHub's recommended maximum file size of 50.00 MB        
remote: warning: GH001: Large files detected. You may want to try Git Large File Storage - https://git-lfs.github.com.        
To github-edtransfer:sunkyongmin/ed-transfer.git
   3c7ba81..de1a8aa  main -> main
20261001_0305 backup done
[main 544c7d9] snapshots backup 20261002_0305
 5 files changed, 79086 insertions(+)
To github-edtransfer:sunkyongmin/ed-transfer.git
   de1a8aa..544c7d9  main -> main
20261002_0305 backup done
[main 493652b] snapshots backup 20261003_0305
 5 files changed, 81594 insertions(+)
To github-edtransfer:sunkyongmin/ed-transfer.git
   544c7d9..493652b  main -> main
20261003_0305 backup done
[main 64d31d0] snapshots backup 20261004_0305
 5 files changed, 84178 insertions(+)
To github-edtransfer:sunkyongmin/ed-transfer.git
   493652b..64d31d0  main -> main
20261004_0305 backup done
[main 1b38394] snapshots backup 20261005_0305
 5 files changed, 84414 insertions(+)
To github-edtransfer:sunkyongmin/ed-transfer.git
   64d31d0..1b38394  main -> main
20261005_0305 backup done
[main 6ca31b2] snapshots backup 20261006_0305
 5 files changed, 78472 insertions(+)
remote: warning: See https://gh.io/lfs for more information.        
remote: warning: File snapshots/messages_202610.csv is 59.42 MB; this is larger than GitHub's recommended maximum file size of 50.00 MB        
remote: warning: GH001: Large files detected. You may want to try Git Large File Storage - https://git-lfs.github.com.        
To github-edtransfer:sunkyongmin/ed-transfer.git
   1b38394..6ca31b2  main -> main
20261006_0305 backup done
